Archive member included to satisfy reference by file (symbol)

C:/Users/lenovo/AppData/Local/stm32cube/bundles/gnu-tools-for-stm32/14.3.1+st.2/bin/../lib/gcc/arm-none-eabi/14.3.1/thumb/v6-m/nofp\libgcc.a(_udivsi3.o)
                              cmake/stm32cubemx/CMakeFiles/STM32_Drivers.dir/__/__/Core/Src/system_stm32u0xx.c.obj (__aeabi_uidiv)
C:/Users/lenovo/AppData/Local/stm32cube/bundles/gnu-tools-for-stm32/14.3.1+st.2/bin/../lib/gcc/arm-none-eabi/14.3.1/thumb/v6-m/nofp\libgcc.a(_divsi3.o)
                              CMakeFiles/hx711.dir/Core/Src/hal_weight.c.obj (__aeabi_idiv)
C:/Users/lenovo/AppData/Local/stm32cube/bundles/gnu-tools-for-stm32/14.3.1+st.2/bin/../lib/gcc/arm-none-eabi/14.3.1/thumb/v6-m/nofp\libgcc.a(_dvmd_tls.o)
                              C:/Users/lenovo/AppData/Local/stm32cube/bundles/gnu-tools-for-stm32/14.3.1+st.2/bin/../lib/gcc/arm-none-eabi/14.3.1/thumb/v6-m/nofp\libgcc.a(_udivsi3.o) (__aeabi_idiv0)
C:/Users/lenovo/AppData/Local/stm32cube/bundles/gnu-tools-for-stm32/14.3.1+st.2/bin/../lib/gcc/arm-none-eabi/14.3.1/thumb/v6-m/nofp\libgcc.a(_aeabi_ldivmod.o)
                              CMakeFiles/hx711.dir/Core/Src/hal_weight.c.obj (__aeabi_ldivmod)
C:/Users/lenovo/AppData/Local/stm32cube/bundles/gnu-tools-for-stm32/14.3.1+st.2/bin/../lib/gcc/arm-none-eabi/14.3.1/thumb/v6-m/nofp\libgcc.a(_muldi3.o)
                              CMakeFiles/hx711.dir/Core/Src/hal_weight.c.obj (__aeabi_lmul)
C:/Users/lenovo/AppData/Local/stm32cube/bundles/gnu-tools-for-stm32/14.3.1+st.2/bin/../lib/gcc/arm-none-eabi/14.3.1/thumb/v6-m/nofp\libgcc.a(bpabi.o)
                              C:/Users/lenovo/AppData/Local/stm32cube/bundles/gnu-tools-for-stm32/14.3.1+st.2/bin/../lib/gcc/arm-none-eabi/14.3.1/thumb/v6-m/nofp\libgcc.a(_aeabi_ldivmod.o) (__gnu_ldivmod_helper)
C:/Users/lenovo/AppData/Local/stm32cube/bundles/gnu-tools-for-stm32/14.3.1+st.2/bin/../lib/gcc/arm-none-eabi/14.3.1/thumb/v6-m/nofp\libgcc.a(divsf3.o)
                              CMakeFiles/hx711.dir/Core/Src/hal_weight.c.obj (__aeabi_fdiv)
C:/Users/lenovo/AppData/Local/stm32cube/bundles/gnu-tools-for-stm32/14.3.1+st.2/bin/../lib/gcc/arm-none-eabi/14.3.1/thumb/v6-m/nofp\libgcc.a(floatsisf.o)
                              CMakeFiles/hx711.dir/Core/Src/hal_weight.c.obj (__aeabi_i2f)
C:/Users/lenovo/AppData/Local/stm32cube/bundles/gnu-tools-for-stm32/14.3.1+st.2/bin/../lib/gcc/arm-none-eabi/14.3.1/thumb/v6-m/nofp\libgcc.a(_clzsi2.o)
                              C:/Users/lenovo/AppData/Local/stm32cube/bundles/gnu-tools-for-stm32/14.3.1+st.2/bin/../lib/gcc/arm-none-eabi/14.3.1/thumb/v6-m/nofp\libgcc.a(divsf3.o) (__clzsi2)
C:/Users/lenovo/AppData/Local/stm32cube/bundles/gnu-tools-for-stm32/14.3.1+st.2/bin/../lib/gcc/arm-none-eabi/14.3.1/thumb/v6-m/nofp\libgcc.a(_divdi3.o)
                              C:/Users/lenovo/AppData/Local/stm32cube/bundles/gnu-tools-for-stm32/14.3.1+st.2/bin/../lib/gcc/arm-none-eabi/14.3.1/thumb/v6-m/nofp\libgcc.a(bpabi.o) (__divdi3)
C:/Users/lenovo/AppData/Local/stm32cube/bundles/gnu-tools-for-stm32/14.3.1+st.2/bin/../lib/gcc/arm-none-eabi/14.3.1/thumb/v6-m/nofp\libgcc.a(_clzdi2.o)
                              C:/Users/lenovo/AppData/Local/stm32cube/bundles/gnu-tools-for-stm32/14.3.1+st.2/bin/../lib/gcc/arm-none-eabi/14.3.1/thumb/v6-m/nofp\libgcc.a(_divdi3.o) (__clzdi2)
C:/Users/lenovo/AppData/Local/stm32cube/bundles/gnu-tools-for-stm32/14.3.1+st.2/bin/../lib/gcc/arm-none-eabi/14.3.1/../../../../arm-none-eabi/lib/thumb/v6-m/nofp\libg_nano.a(libc_a-exit.o)
                              C:/Users/lenovo/AppData/Local/stm32cube/bundles/gnu-tools-for-stm32/14.3.1+st.2/bin/../lib/gcc/arm-none-eabi/14.3.1/../../../../arm-none-eabi/lib/thumb/v6-m/nofp/crt0.o (exit)
C:/Users/lenovo/AppData/Local/stm32cube/bundles/gnu-tools-for-stm32/14.3.1+st.2/bin/../lib/gcc/arm-none-eabi/14.3.1/../../../../arm-none-eabi/lib/thumb/v6-m/nofp\libg_nano.a(libc_a-findfp.o)
                              C:/Users/lenovo/AppData/Local/stm32cube/bundles/gnu-tools-for-stm32/14.3.1+st.2/bin/../lib/gcc/arm-none-eabi/14.3.1/../../../../arm-none-eabi/lib/thumb/v6-m/nofp\libg_nano.a(libc_a-exit.o) (__stdio_exit_handler)
C:/Users/lenovo/AppData/Local/stm32cube/bundles/gnu-tools-for-stm32/14.3.1+st.2/bin/../lib/gcc/arm-none-eabi/14.3.1/../../../../arm-none-eabi/lib/thumb/v6-m/nofp\libg_nano.a(libc_a-fwalk.o)
                              C:/Users/lenovo/AppData/Local/stm32cube/bundles/gnu-tools-for-stm32/14.3.1+st.2/bin/../lib/gcc/arm-none-eabi/14.3.1/../../../../arm-none-eabi/lib/thumb/v6-m/nofp\libg_nano.a(libc_a-findfp.o) (_fwalk_sglue)
C:/Users/lenovo/AppData/Local/stm32cube/bundles/gnu-tools-for-stm32/14.3.1+st.2/bin/../lib/gcc/arm-none-eabi/14.3.1/../../../../arm-none-eabi/lib/thumb/v6-m/nofp\libg_nano.a(libc_a-stdio.o)
                              C:/Users/lenovo/AppData/Local/stm32cube/bundles/gnu-tools-for-stm32/14.3.1+st.2/bin/../lib/gcc/arm-none-eabi/14.3.1/../../../../arm-none-eabi/lib/thumb/v6-m/nofp\libg_nano.a(libc_a-findfp.o) (__sread)
[...]
Memory Configuration

Name             Origin             Length             Attributes
RAM              0x20000000         0x00002000         xrw
FLASH            0x08000000         0x00010000         xr
*default*        0x00000000         0xffffffff

Linker script and memory map

LOAD C:/Users/lenovo/AppData/Local/stm32cube/bundles/gnu-tools-for-stm32/14.3.1+st.2/bin/../lib/gcc/arm-none-eabi/14.3.1/thumb/v6-m/nofp/crti.o
LOAD C:/Users/lenovo/AppData/Local/stm32cube/bundles/gnu-tools-for-stm32/14.3.1+st.2/bin/../lib/gcc/arm-none-eabi/14.3.1/thumb/v6-m/nofp/crtbegin.o
LOAD C:/Users/lenovo/AppData/Local/stm32cube/bundles/gnu-tools-for-stm32/14.3.1+st.2/bin/../lib/gcc/arm-none-eabi/14.3.1/../../../../arm-none-eabi/lib/thumb/v6-m/nofp/crt0.o
LOAD cmake/stm32cubemx/CMakeFiles/STM32_Drivers.dir/__/__/Core/Src/system_stm32u0xx.c.obj
LOAD cmake/stm32cubemx/CMakeFiles/STM32_Drivers.dir/__/__/Drivers/STM32U0xx_HAL_Driver/Src/stm32u0xx_hal_cortex.c.obj
LOAD cmake/stm32cubemx/CMakeFiles/STM32_Drivers.dir/__/__/Drivers/STM32U0xx_HAL_Driver/Src/stm32u0xx_hal_rcc.c.obj
LOAD cmake/stm32cubemx/CMakeFiles/STM32_Drivers.dir/__/__/Drivers/STM32U0xx_HAL_Driver/Src/stm32u0xx_hal_rcc_ex.c.obj
LOAD cmake/stm32cubemx/CMakeFiles/STM32_Drivers.dir/__/__/Drivers/STM32U0xx_HAL_Driver/Src/stm32u0xx_hal_flash.c.obj
LOAD cmake/stm32cubemx/CMakeFiles/STM32_Drivers.dir/__/__/Drivers/STM32U0xx_HAL_Driver/Src/stm32u0xx_hal_flash_ex.c.obj
LOAD cmake/stm32cubemx/CMakeFiles/STM32_Drivers.dir/__/__/Drivers/STM32U0xx_HAL_Driver/Src/stm32u0xx_hal_gpio.c.obj
LOAD cmake/stm32cubemx/CMakeFiles/STM32_Drivers.dir/__/__/Drivers/STM32U0xx_HAL_Driver/Src/stm32u0xx_hal_dma.c.obj
LOAD cmake/stm32cubemx/CMakeFiles/STM32_Drivers.dir/__/__/Drivers/STM32U0xx_HAL_Driver/Src/stm32u0xx_hal_dma_ex.c.obj
LOAD cmake/stm32cubemx/CMakeFiles/STM32_Drivers.dir/__/__/Drivers/STM32U0xx_HAL_Driver/Src/stm32u0xx_hal_pwr.c.obj
LOAD cmake/stm32cubemx/CMakeFiles/STM32_Drivers.dir/__/__/Drivers/STM32U0xx_HAL_Driver/Src/stm32u0xx_hal_pwr_ex.c.obj
LOAD cmake/stm32cubemx/CMakeFiles/STM32_Drivers.dir/__/__/Drivers/STM32U0xx_HAL_Driver/Src/stm32u0xx_hal.c.obj
LOAD cmake/stm32cubemx/CMakeFiles/STM32_Drivers.dir/__/__/Drivers/STM32U0xx_HAL_Driver/Src/stm32u0xx_hal_exti.c.obj
LOAD CMakeFiles/hx711.dir/Core/Src/main.c.obj
LOAD CMakeFiles/hx711.dir/Core/Src/HX711.c.obj
LOAD CMakeFiles/hx711.dir/Core/Src/hal_weight.c.obj
LOAD CMakeFiles/hx711.dir/Core/Src/stm32u0xx_it.c.obj
LOAD CMakeFiles/hx711.dir/Core/Src/stm32u0xx_hal_msp.c.obj
LOAD CMakeFiles/hx711.dir/Core/Src/sysmem.c.obj
LOAD CMakeFiles/hx711.dir/Core/Src/syscalls.c.obj
LOAD CMakeFiles/hx711.dir/startup_stm32u031xx.s.obj
LOAD C:/Users/lenovo/AppData/Local/stm32cube/bundles/gnu-tools-for-stm32/14.3.1+st.2/bin/../lib/gcc/arm-none-eabi/14.3.1/../../../../arm-none-eabi/lib/thumb/v6-m/nofp\libm.a
START GROUP
LOAD C:/Users/lenovo/AppData/Local/stm32cube/bundles/gnu-tools-for-stm32/14.3.1+st.2/bin/../lib/gcc/arm-none-eabi/14.3.1/thumb/v6-m/nofp\libgcc.a
LOAD C:/Users/lenovo/AppData/Local/stm32cube/bundles/gnu-tools-for-stm32/14.3.1+st.2/bin/../lib/gcc/arm-none-eabi/14.3.1/../../../../arm-none-eabi/lib/thumb/v6-m/nofp\libg_nano.a
LOAD C:/Users/lenovo/AppData/Local/stm32cube/bundles/gnu-tools-for-stm32/14.3.1+st.2/bin/../lib/gcc/arm-none-eabi/14.3.1/../../../../arm-none-eabi/lib/thumb/v6-m/nofp\libc_nano.a
END GROUP
START GROUP
LOAD C:/Users/lenovo/AppData/Local/stm32cube/bundles/gnu-tools-for-stm32/14.3.1+st.2/bin/../lib/gcc/arm-none-eabi/14.3.1/thumb/v6-m/nofp\libgcc.a
LOAD C:/Users/lenovo/AppData/Local/stm32cube/bundles/gnu-tools-for-stm32/14.3.1+st.2/bin/../lib/gcc/arm-none-eabi/14.3.1/../../../../arm-none-eabi/lib/thumb/v6-m/nofp\libc_nano.a
END GROUP
LOAD C:/Users/lenovo/AppData/Local/stm32cube/bundles/gnu-tools-for-stm32/14.3.1+st.2/bin/../lib/gcc/arm-none-eabi/14.3.1/thumb/v6-m/nofp/crtend.o
LOAD C:/Users/lenovo/AppData/Local/stm32cube/bundles/gnu-tools-for-stm32/14.3.1+st.2/bin/../lib/gcc/arm-none-eabi/14.3.1/thumb/v6-m/nofp/crtn.o
                0x20002000                        _estack = (ORIGIN (RAM) + LENGTH (RAM))
                0x00000200                        _Min_Heap_Size = 0x200
                0x00000400                        _Min_Stack_Size = 0x400

.isr_vector     0x08000000       0xc0
                0x08000000                        . = ALIGN (0x4)
 *(.isr_vector)
 .isr_vector    0x08000000       0xc0 CMakeFiles/hx711.dir/startup_stm32u031xx.s.obj
                0x08000000                g_pfnVectors
                0x080000c0                        . = ALIGN (0x4)

.text           0x080000c0     0x1ea4
                0x080000c0                        . = ALIGN (0x4)
 *(.text)
 .text          0x080000c0       0x48 C:/Users/lenovo/AppData/Local/stm32cube/bundles/gnu-tools-for-stm32/14.3.1+st.2/bin/../lib/gcc/arm-none-eabi/14.3.1/thumb/v6-m/nofp/crtbegin.o
 .text          0x08000108      0x114 C:/Users/lenovo/AppData/Local/stm32cube/bundles/gnu-tools-for-stm32/14.3.1+st.2/bin/../lib/gcc/arm-none-eabi/14.3.1/thumb/v6-m/nofp\libgcc.a(_udivsi3.o)
                0x08000108                __aeabi_uidiv
                0x08000108                __udivsi3
                0x08000214                __aeabi_uidivmod
 .text          0x0800021c        0x4 C:/Users/lenovo/AppData/Local/stm32cube/bundles/gnu-tools-for-stm32/14.3.1+st.2/bin/../lib/gcc/arm-none-eabi/14.3.1/thumb/v6-m/nofp\libgcc.a(_dvmd_tls.o)
                0x0800021c                __aeabi_idiv0
                0x0800021c                __aeabi_ldiv0
 .text          0x08000220       0x48 C:/Users/lenovo/AppData/Local/stm32cube/bundles/gnu-tools-for-stm32/14.3.1+st.2/bin/../lib/gcc/arm-none-eabi/14.3.1/thumb/v6-m/nofp\libgcc.a(_aeabi_ldivmod.o)
                0x08000220                __aeabi_ldivmod
 .text          0x08000268       0x5c C:/Users/lenovo/AppData/Local/stm32cube/bundles/gnu-tools-for-stm32/14.3.1+st.2/bin/../lib/gcc/arm-none-eabi/14.3.1/thumb/v6-m/nofp\libgcc.a(_muldi3.o)
                0x08000268                __muldi3
                0x08000268                __aeabi_lmul
 .text          0x080002c4       0x3c C:/Users/lenovo/AppData/Local/stm32cube/bundles/gnu-tools-for-stm32/14.3.1+st.2/bin/../lib/gcc/arm-none-eabi/14.3.1/thumb/v6-m/nofp\libgcc.a(bpabi.o)
                0x080002c4                __gnu_ldivmod_helper
 .text          0x08000300       0x3c C:/Users/lenovo/AppData/Local/stm32cube/bundles/gnu-tools-for-stm32/14.3.1+st.2/bin/../lib/gcc/arm-none-eabi/14.3.1/thumb/v6-m/nofp\libgcc.a(_clzsi2.o)
                0x08000300                __clzsi2
 .text          0x0800033c      0x1fc C:/Users/lenovo/AppData/Local/stm32cube/bundles/gnu-tools-for-stm32/14.3.1+st.2/bin/../lib/gcc/arm-none-eabi/14.3.1/thumb/v6-m/nofp\libgcc.a(_divdi3.o)
                0x0800033c                __divdi3
 .text          0x08000538       0x18 C:/Users/lenovo/AppData/Local/stm32cube/bundles/gnu-tools-for-stm32/14.3.1+st.2/bin/../lib/gcc/arm-none-eabi/14.3.1/thumb/v6-m/nofp\libgcc.a(_clzdi2.o)
                0x08000538                __clzdi2
 *(.text*)
 .text.SystemInit
                0x08000550       0x58 cmake/stm32cubemx/CMakeFiles/STM32_Drivers.dir/__/__/Core/Src/system_stm32u0xx.c.obj
                0x08000550                SystemInit
 .text.__NVIC_EnableIRQ
                0x080005a8       0x34 cmake/stm32cubemx/CMakeFiles/STM32_Drivers.dir/__/__/Drivers/STM32U0xx_HAL_Driver/Src/stm32u0xx_hal_cortex.c.obj
 .text.__NVIC_SetPriority
                0x080005dc       0xdc cmake/stm32cubemx/CMakeFiles/STM32_Drivers.dir/__/__/Drivers/STM32U0xx_HAL_Driver/Src/stm32u0xx_hal_cortex.c.obj
 .text.SysTick_Config
                0x080006b8       0x48 cmake/stm32cubemx/CMakeFiles/STM32_Drivers.dir/__/__/Drivers/STM32U0xx_HAL_Driver/Src/stm32u0xx_hal_cortex.c.obj
 .text.HAL_NVIC_SetPriority
                0x08000700       0x2a cmake/stm32cubemx/CMakeFiles/STM32_Drivers.dir/__/__/Drivers/STM32U0xx_HAL_Driver/Src/stm32u0xx_hal_cortex.c.obj
                0x08000700                HAL_NVIC_SetPriority
 .text.HAL_NVIC_EnableIRQ
                0x0800072a       0x20 cmake/stm32cubemx/CMakeFiles/STM32_Drivers.dir/__/__/Drivers/STM32U0xx_HAL_Driver/Src/stm32u0xx_hal_cortex.c.obj
                0x0800072a                HAL_NVIC_EnableIRQ
 .text.HAL_SYSTICK_Config
                0x0800074a       0x1a cmake/stm32cubemx/CMakeFiles/STM32_Drivers.dir/__/__/Drivers/STM32U0xx_HAL_Driver/Src/stm32u0xx_hal_cortex.c.obj
                0x0800074a                HAL_SYSTICK_Config
 .text.HAL_RCC_OscConfig
                0x08000764      0x7cc cmake/stm32cubemx/CMakeFiles/STM32_Drivers.dir/__/__/Drivers/STM32U0xx_HAL_Driver/Src/stm32u0xx_hal_rcc.c.obj
                0x08000764                HAL_RCC_OscConfig
 .text.HAL_RCC_ClockConfig
                0x08000f30      0x1d8 cmake/stm32cubemx/CMakeFiles/STM32_Drivers.dir/__/__/Drivers/STM32U0xx_HAL_Driver/Src/stm32u0xx_hal_rcc.c.obj
                0x08000f30                HAL_RCC_ClockConfig
 .text.HAL_RCC_GetSysClockFreq
                0x08001108      0x138 cmake/stm32cubemx/CMakeFiles/STM32_Drivers.dir/__/__/Drivers/STM32U0xx_HAL_Driver/Src/stm32u0xx_hal_rcc.c.obj
                0x08001108                HAL_RCC_GetSysClockFreq
 .text.RCC_SetFlashLatencyFromMSIRange
                0x08001240       0xd8 cmake/stm32cubemx/CMakeFiles/STM32_Drivers.dir/__/__/Drivers/STM32U0xx_HAL_Driver/Src/stm32u0xx_hal_rcc.c.obj
 .text.HAL_GPIO_Init
                0x08001318      0x2d8 cmake/stm32cubemx/CMakeFiles/STM32_Drivers.dir/__/__/Drivers/STM32U0xx_HAL_Driver/Src/stm32u0xx_hal_gpio.c.obj
                0x08001318                HAL_GPIO_Init
 .text.HAL_GPIO_ReadPin
                0x080015f0       0x3a cmake/stm32cubemx/CMakeFiles/STM32_Drivers.dir/__/__/Drivers/STM32U0xx_HAL_Driver/Src/stm32u0xx_hal_gpio.c.obj
                0x080015f0                HAL_GPIO_ReadPin
 .text.HAL_GPIO_WritePin
                0x0800162a       0x3a cmake/stm32cubemx/CMakeFiles/STM32_Drivers.dir/__/__/Drivers/STM32U0xx_HAL_Driver/Src/stm32u0xx_hal_gpio.c.obj
                0x0800162a                HAL_GPIO_WritePin
 .text.HAL_GPIO_EXTI_IRQHandler
                0x08001664       0x54 cmake/stm32cubemx/CMakeFiles/STM32_Drivers.dir/__/__/Drivers/STM32U0xx_HAL_Driver/Src/stm32u0xx_hal_gpio.c.obj
                0x08001664                HAL_GPIO_EXTI_IRQHandler
 .text.HAL_GPIO_EXTI_Rising_Callback
                0x080016b8       0x14 cmake/stm32cubemx/CMakeFiles/STM32_Drivers.dir/__/__/Drivers/STM32U0xx_HAL_Driver/Src/stm32u0xx_hal_gpio.c.obj
                0x080016b8                HAL_GPIO_EXTI_Rising_Callback
 .text.HAL_GPIO_EXTI_Falling_Callback
                0x080016cc       0x14 cmake/stm32cubemx/CMakeFiles/STM32_Drivers.dir/__/__/Drivers/STM32U0xx_HAL_Driver/Src/stm32u0xx_hal_gpio.c.obj
                0x080016cc                HAL_GPIO_EXTI_Falling_Callback
 .text.HAL_PWREx_ControlVoltageScaling
                0x080016e0       0xc0 cmake/stm32cubemx/CMakeFiles/STM32_Drivers.dir/__/__/Drivers/STM32U0xx_HAL_Driver/Src/stm32u0xx_hal_pwr_ex.c.obj
                0x080016e0                HAL_PWREx_ControlVoltageScaling
 .text.HAL_PWREx_GetVoltageRange
                0x080017a0       0x18 cmake/stm32cubemx/CMakeFiles/STM32_Drivers.dir/__/__/Drivers/STM32U0xx_HAL_Driver/Src/stm32u0xx_hal_pwr_ex.c.obj
                0x080017a0                HAL_PWREx_GetVoltageRange
 .text.HAL_Init
                0x080017b8       0x2e cmake/stm32cubemx/CMakeFiles/STM32_Drivers.dir/__/__/Drivers/STM32U0xx_HAL_Driver/Src/stm32u0xx_hal.c.obj
                0x080017b8                HAL_Init
 *fill*         0x080017e6        0x2 
 .text.HAL_InitTick
                0x080017e8       0x94 cmake/stm32cubemx/CMakeFiles/STM32_Drivers.dir/__/__/Drivers/STM32U0xx_HAL_Driver/Src/stm32u0xx_hal.c.obj
                0x080017e8                HAL_InitTick
 .text.HAL_IncTick
                0x0800187c       0x24 cmake/stm32cubemx/CMakeFiles/STM32_Drivers.dir/__/__/Drivers/STM32U0xx_HAL_Driver/Src/stm32u0xx_hal.c.obj
                0x0800187c                HAL_IncTick
 .text.HAL_GetTick
                0x080018a0       0x14 cmake/stm32cubemx/CMakeFiles/STM32_Drivers.dir/__/__/Drivers/STM32U0xx_HAL_Driver/Src/stm32u0xx_hal.c.obj
                0x080018a0                HAL_GetTick
 .text.HAL_Delay
                0x080018b4       0x48 cmake/stm32cubemx/CMakeFiles/STM32_Drivers.dir/__/__/Drivers/STM32U0xx_HAL_Driver/Src/stm32u0xx_hal.c.obj
                0x080018b4                HAL_Delay
 .text.main     0x080018fc       0x3c CMakeFiles/hx711.dir/Core/Src/main.c.obj
                0x080018fc                main
 .text.SystemClock_Config
                0x08001938       0x8a CMakeFiles/hx711.dir/Core/Src/main.c.obj
                0x08001938                SystemClock_Config
 *fill*         0x080019c2        0x2 
 .text.MX_GPIO_Init
                0x080019c4       0xa0 CMakeFiles/hx711.dir/Core/Src/main.c.obj
 .text.Error_Handler
                0x08001a64        0xc CMakeFiles/hx711.dir/Core/Src/main.c.obj
                0x08001a64                Error_Handler
 .text.HX711_DelayUs
                0x08001a70       0x58 CMakeFiles/hx711.dir/Core/Src/HX711.c.obj
 .text.HX711_ReadSample
                0x08001ac8       0xd4 CMakeFiles/hx711.dir/Core/Src/HX711.c.obj
 .text.HX711_Init
                0x08001b9c       0x6e CMakeFiles/hx711.dir/Core/Src/HX711.c.obj
                0x08001b9c                HX711_Init
 .text.HX711_DataReady
                0x08001c0a       0x3a CMakeFiles/hx711.dir/Core/Src/HX711.c.obj
                0x08001c0a                HX711_DataReady
 .text.HX711_ReadRaw
                0x08001c44       0x38 CMakeFiles/hx711.dir/Core/Src/HX711.c.obj
                0x08001c44                HX711_ReadRaw
 .text.HAL_Weight_WaitForSampleUntil
                0x08001c7c       0x6c CMakeFiles/hx711.dir/Core/Src/hal_weight.c.obj
 .text.HAL_Weight_Init
                0x08001ce8       0x38 CMakeFiles/hx711.dir/Core/Src/hal_weight.c.obj
                0x08001ce8                HAL_Weight_Init
 .text.HAL_Weight_Tare
                0x08001d20       0xf4 CMakeFiles/hx711.dir/Core/Src/hal_weight.c.obj
                0x08001d20                HAL_Weight_Tare
 .text.NMI_Handler
                0x08001e14        0x8 CMakeFiles/hx711.dir/Core/Src/stm32u0xx_it.c.obj
                0x08001e14                NMI_Handler
 .text.HardFault_Handler
                0x08001e1c        0x8 CMakeFiles/hx711.dir/Core/Src/stm32u0xx_it.c.obj
                0x08001e1c                HardFault_Handler
 .text.SVC_Handler
                0x08001e24        0xa CMakeFiles/hx711.dir/Core/Src/stm32u0xx_it.c.obj
                0x08001e24                SVC_Handler
 .text.PendSV_Handler
                0x08001e2e        0xa CMakeFiles/hx711.dir/Core/Src/stm32u0xx_it.c.obj
                0x08001e2e                PendSV_Handler
 .text.SysTick_Handler
                0x08001e38        0xe CMakeFiles/hx711.dir/Core/Src/stm32u0xx_it.c.obj
                0x08001e38                SysTick_Handler
 .text.EXTI4_15_IRQHandler
                0x08001e46       0x10 CMakeFiles/hx711.dir/Core/Src/stm32u0xx_it.c.obj
                0x08001e46                EXTI4_15_IRQHandler
 *fill*         0x08001e56        0x2 
 .text.HAL_MspInit
                0x08001e58       0x48 CMakeFiles/hx711.dir/Core/Src/stm32u0xx_hal_msp.c.obj
                0x08001e58                HAL_MspInit
 .text.Reset_Handler
                0x08001ea0       0x50 CMakeFiles/hx711.dir/startup_stm32u031xx.s.obj
                0x08001ea0                Reset_Handler
 .text.Default_Handler
                0x08001ef0        0x2 CMakeFiles/hx711.dir/startup_stm32u031xx.s.obj
                0x08001ef0                I2C2_3_IRQHandler
                0x08001ef0                WWDG_IWDG_IRQHandler
                0x08001ef0                TIM1_CC_IRQHandler
                0x08001ef0                TSC_IRQHandler
                0x08001ef0                ADC_COMP1_IRQHandler
                0x08001ef0                I2C1_IRQHandler
                0x08001ef0                TIM7_LPTIM2_IRQHandler
                0x08001ef0                RCC_CRS_IRQHandler
                0x08001ef0                RTC_TAMP_IRQHandler
                0x08001ef0                DMA1_Ch4_7_DMAMUX_OVR_IRQHandler
                0x08001ef0                SPI1_IRQHandler
                0x08001ef0                EXTI2_3_IRQHandler
                0x08001ef0                USART2_LPUART2_IRQHandler
                0x08001ef0                USART4_IRQHandler
                0x08001ef0                TIM16_IRQHandler
                0x08001ef0                TIM3_IRQHandler
                0x08001ef0                DMA1_Channel1_IRQHandler
                0x08001ef0                Default_Handler
                0x08001ef0                TIM15_IRQHandler
                0x08001ef0                EXTI0_1_IRQHandler
                0x08001ef0                PVD_PVM_IRQHandler
                0x08001ef0                SPI2_IRQHandler
                0x08001ef0                RNG_IRQHandler
                0x08001ef0                TIM6_DAC_LPTIM1_IRQHandler
                0x08001ef0                TIM2_IRQHandler
                0x08001ef0                DMA1_Channel2_3_IRQHandler
                0x08001ef0                FLASH_ECC_IRQHandler
                0x08001ef0                USART3_LPUART1_IRQHandler
                0x08001ef0                USART1_IRQHandler
                0x08001ef0                TIM1_BRK_UP_TRG_COM_IRQHandler
 .text.memset   0x08001ef2       0x10 C:/Users/lenovo/AppData/Local/stm32cube/bundles/gnu-tools-for-stm32/14.3.1+st.2/bin/../lib/gcc/arm-none-eabi/14.3.1/../../../../arm-none-eabi/lib/thumb/v6-m/nofp\libg_nano.a(libc_a-memset.o)
                0x08001ef2                memset
 *fill*         0x08001f02        0x2 
 .text.__libc_init_array
                0x08001f04       0x48 C:/Users/lenovo/AppData/Local/stm32cube/bundles/gnu-tools-for-stm32/14.3.1+st.2/bin/../lib/gcc/arm-none-eabi/14.3.1/../../../../arm-none-eabi/lib/thumb/v6-m/nofp\libg_nano.a(libc_a-init.o)
                0x08001f04                __libc_init_array
 *(.glue_7)
 .glue_7        0x08001f4c        0x0 linker stubs
 *(.glue_7t)
 .glue_7t       0x08001f4c        0x0 linker stubs
 *(.eh_frame)
 .eh_frame      0x08001f4c        0x0 C:/Users/lenovo/AppData/Local/stm32cube/bundles/gnu-tools-for-stm32/14.3.1+st.2/bin/../lib/gcc/arm-none-eabi/14.3.1/thumb/v6-m/nofp/crtbegin.o
 *(.init)
 .init          0x08001f4c        0x4 C:/Users/lenovo/AppData/Local/stm32cube/bundles/gnu-tools-for-stm32/14.3.1+st.2/bin/../lib/gcc/arm-none-eabi/14.3.1/thumb/v6-m/nofp/crti.o
                0x08001f4c                _init
 .init          0x08001f50        0x8 C:/Users/lenovo/AppData/Local/stm32cube/bundles/gnu-tools-for-stm32/14.3.1+st.2/bin/../lib/gcc/arm-none-eabi/14.3.1/thumb/v6-m/nofp/crtn.o
 *(.fini)
 .fini          0x08001f58        0x4 C:/Users/lenovo/AppData/Local/stm32cube/bundles/gnu-tools-for-stm32/14.3.1+st.2/bin/../lib/gcc/arm-none-eabi/14.3.1/thumb/v6-m/nofp/crti.o
                0x08001f58                _fini
 .fini          0x08001f5c        0x8 C:/Users/lenovo/AppData/Local/stm32cube/bundles/gnu-tools-for-stm32/14.3.1+st.2/bin/../lib/gcc/arm-none-eabi/14.3.1/thumb/v6-m/nofp/crtn.o
                0x08001f64                        . = ALIGN (0x4)
                0x08001f64                        _etext = .

.vfp11_veneer   0x08001f64        0x0
 .vfp11_veneer  0x08001f64        0x0 linker stubs

.v4_bx          0x08001f64        0x0
 .v4_bx         0x08001f64        0x0 linker stubs

.iplt           0x08001f64        0x0
 .iplt          0x08001f64        0x0 C:/Users/lenovo/AppData/Local/stm32cube/bundles/gnu-tools-for-stm32/14.3.1+st.2/bin/../lib/gcc/arm-none-eabi/14.3.1/thumb/v6-m/nofp/crtbegin.o

.rodata         0x08001f64       0x40
                0x08001f64                        . = ALIGN (0x4)
 *(.rodata)
 *(.rodata*)
 .rodata.AHBPrescTable
                0x08001f64       0x10 cmake/stm32cubemx/CMakeFiles/STM32_Drivers.dir/__/__/Core/Src/system_stm32u0xx.c.obj
                0x08001f64                AHBPrescTable
 .rodata.MSIRangeTable
                0x08001f74       0x30 cmake/stm32cubemx/CMakeFiles/STM32_Drivers.dir/__/__/Core/Src/system_stm32u0xx.c.obj
                0x08001f74                MSIRangeTable
                0x08001fa4                        . = ALIGN (0x4)

.ARM.extab      0x08001fa4        0x0
                0x08001fa4                        . = ALIGN (0x4)
 *(.ARM.extab* .gnu.linkonce.armextab.*)
                0x08001fa4                        . = ALIGN (0x4)

.ARM            0x08001fa4        0x8
                0x08001fa4                        . = ALIGN (0x4)
                0x08001fa4                        __exidx_start = .
 *(.ARM.exidx*)
 .ARM.exidx     0x08001fa4        0x8 C:/Users/lenovo/AppData/Local/stm32cube/bundles/gnu-tools-for-stm32/14.3.1+st.2/bin/../lib/gcc/arm-none-eabi/14.3.1/thumb/v6-m/nofp\libgcc.a(_divdi3.o)
                0x08001fac                        __exidx_end = .
                0x08001fac                        . = ALIGN (0x4)

.preinit_array  0x08001fac        0x0
                0x08001fac                        . = ALIGN (0x4)
                0x08001fac                        PROVIDE (__preinit_array_start = .)
 *(.preinit_array*)
                0x08001fac                        PROVIDE (__preinit_array_end = .)
                0x08001fac                        . = ALIGN (0x4)

.init_array     0x08001fac        0x4
                0x08001fac                        . = ALIGN (0x4)
                0x08001fac                        PROVIDE (__init_array_start = .)
 *(SORT_BY_NAME(.init_array.*))
 *(.init_array*)
 .init_array    0x08001fac        0x4 C:/Users/lenovo/AppData/Local/stm32cube/bundles/gnu-tools-for-stm32/14.3.1+st.2/bin/../lib/gcc/arm-none-eabi/14.3.1/thumb/v6-m/nofp/crtbegin.o
                0x08001fb0                        PROVIDE (__init_array_end = .)
                0x08001fb0                        . = ALIGN (0x4)

.fini_array     0x08001fb0        0x4
                0x08001fb0                        . = ALIGN (0x4)
                [!provide]                        PROVIDE (__fini_array_start = .)
 *(SORT_BY_NAME(.fini_array.*))
 *(.fini_array*)
 .fini_array    0x08001fb0        0x4 C:/Users/lenovo/AppData/Local/stm32cube/bundles/gnu-tools-for-stm32/14.3.1+st.2/bin/../lib/gcc/arm-none-eabi/14.3.1/thumb/v6-m/nofp/crtbegin.o
                [!provide]                        PROVIDE (__fini_array_end = .)
                0x08001fb4                        . = ALIGN (0x4)
                0x08001fb4                        _sidata = LOADADDR (.data)

.rel.dyn        0x08001fb4        0x0
 .rel.iplt      0x08001fb4        0x0 C:/Users/lenovo/AppData/Local/stm32cube/bundles/gnu-tools-for-stm32/14.3.1+st.2/bin/../lib/gcc/arm-none-eabi/14.3.1/thumb/v6-m/nofp/crtbegin.o

.data           0x20000000        0xc load address 0x08001fb4
                0x20000000                        . = ALIGN (0x4)
                0x20000000                        _sdata = .
 *(.data)
 *(.data*)
 .data.SystemCoreClock
                0x20000000        0x4 cmake/stm32cubemx/CMakeFiles/STM32_Drivers.dir/__/__/Core/Src/system_stm32u0xx.c.obj
                0x20000000                SystemCoreClock
 .data.uwTickPrio
                0x20000004        0x4 cmake/stm32cubemx/CMakeFiles/STM32_Drivers.dir/__/__/Drivers/STM32U0xx_HAL_Driver/Src/stm32u0xx_hal.c.obj
                0x20000004                uwTickPrio
 .data.uwTickFreq
                0x20000008        0x1 cmake/stm32cubemx/CMakeFiles/STM32_Drivers.dir/__/__/Drivers/STM32U0xx_HAL_Driver/Src/stm32u0xx_hal.c.obj
                0x20000008                uwTickFreq
 *(.RamFunc)
 *(.RamFunc*)
                0x2000000c                        . = ALIGN (0x4)
 *fill*         0x20000009        0x3 

.igot.plt       0x2000000c        0x0 load address 0x08001fc0
 .igot.plt      0x2000000c        0x0 C:/Users/lenovo/AppData/Local/stm32cube/bundles/gnu-tools-for-stm32/14.3.1+st.2/bin/../lib/gcc/arm-none-eabi/14.3.1/thumb/v6-m/nofp/crtbegin.o

.tdata          0x2000000c        0x0 load address 0x08001fc0
 *(.tdata .tdata.* .gnu.linkonce.td.*)
                0x2000000c                        . = ALIGN (0x4)
                0x2000000c                        _edata = .
                [!provide]                        PROVIDE (__data_end = .)
                [!provide]                        PROVIDE (__tdata_end = .)
                [!provide]                        PROVIDE (__tdata_start = ADDR (.tdata))
                [!provide]                        PROVIDE (__tdata_size = (__tdata_end - __tdata_start))
                [!provide]                        PROVIDE (__data_start = ADDR (.data))
                [!provide]                        PROVIDE (__data_size = (__data_end - __data_start))
                [!provide]                        PROVIDE (__tdata_source = LOADADDR (.tdata))
                [!provide]                        PROVIDE (__tdata_source_end = (LOADADDR (.tdata) + SIZEOF (.tdata)))
                [!provide]                        PROVIDE (__tdata_source_size = (__tdata_source_end - __tdata_source))
                [!provide]                        PROVIDE (__data_source = LOADADDR (.data))
                [!provide]                        PROVIDE (__data_source_end = __tdata_source_end)
                [!provide]                        PROVIDE (__data_source_size = (__data_source_end - __data_source))

.tbss           0x2000000c        0x0 load address 0x08001fc0
                0x2000000c                        _sbss = .
                0x2000000c                        __bss_start__ = _sbss
 *(.tbss .tbss.*)
                0x2000000c                        . = ALIGN (0x4)
                [!provide]                        PROVIDE (__tbss_end = .)
                [!provide]                        PROVIDE (__tbss_start = ADDR (.tbss))
                [!provide]                        PROVIDE (__tbss_size = (__tbss_end - __tbss_start))
                [!provide]                        PROVIDE (__tbss_offset = (ADDR (.tbss) - ADDR (.tdata)))
                [!provide]                        PROVIDE (__tls_base = __tdata_start)
                [!provide]                        PROVIDE (__tls_end = __tbss_end)
                [!provide]                        PROVIDE (__tls_size = (__tls_end - __tls_base))
                [!provide]                        PROVIDE (__tls_align = MAX (ALIGNOF (.tdata), ALIGNOF (.tbss)))
                [!provide]                        PROVIDE (__tls_size_align = (((__tls_size + __tls_align) - 0x1) & ~ ((__tls_align - 0x1))))
                [!provide]                        PROVIDE (__arm32_tls_tcb_offset = MAX (0x8, __tls_align))
                [!provide]                        PROVIDE (__arm64_tls_tcb_offset = MAX (0x10, __tls_align))

.bss            0x2000000c       0x40 load address 0x08001fc0
 *(.bss)
 .bss           0x2000000c       0x1c C:/Users/lenovo/AppData/Local/stm32cube/bundles/gnu-tools-for-stm32/14.3.1+st.2/bin/../lib/gcc/arm-none-eabi/14.3.1/thumb/v6-m/nofp/crtbegin.o
 *(.bss*)
 .bss.uwTick    0x20000028        0x4 cmake/stm32cubemx/CMakeFiles/STM32_Drivers.dir/__/__/Drivers/STM32U0xx_HAL_Driver/Src/stm32u0xx_hal.c.obj
                0x20000028                uwTick
 .bss.g_hx711   0x2000002c       0x10 CMakeFiles/hx711.dir/Core/Src/main.c.obj
 .bss.s_hx711   0x2000003c        0x4 CMakeFiles/hx711.dir/Core/Src/hal_weight.c.obj
 .bss.s_offset  0x20000040        0x4 CMakeFiles/hx711.dir/Core/Src/hal_weight.c.obj
 .bss.s_last_stable_grams
                0x20000044        0x4 CMakeFiles/hx711.dir/Core/Src/hal_weight.c.obj
 .bss.s_error_flag
                0x20000048        0x1 CMakeFiles/hx711.dir/Core/Src/hal_weight.c.obj
 *(COMMON)
                0x2000004c                        . = ALIGN (0x4)
 *fill*         0x20000049        0x3 
                0x2000004c                        _ebss = .
                0x2000004c                        __bss_end__ = _ebss
                [!provide]                        PROVIDE (__bss_end = .)
                [!provide]                        PROVIDE (__non_tls_bss_start = ADDR (.bss))
                [!provide]                        PROVIDE (__bss_start = __tbss_start)
                [!provide]                        PROVIDE (__bss_size = (__bss_end - __bss_start))

._user_heap_stack
                0x2000004c      0x604 load address 0x08001fc0
                0x20000050                        . = ALIGN (0x8)
 *fill*         0x2000004c        0x4 
                [!provide]                        PROVIDE (end = .)
                0x20000050                        PROVIDE (_end = .)
                0x20000250                        . = (. + _Min_Heap_Size)
 *fill*         0x20000050      0x200 
                0x20000650                        . = (. + _Min_Stack_Size)
 *fill*         0x20000250      0x400 
                0x20000650                        . = ALIGN (0x8)

/DISCARD/
 libc.a:*(*)
 libm.a:*(*)
 libgcc.a:*(*)

.ARM.attributes
                0x00000000       0x28
 *(.ARM.attributes)
 .ARM.attributes
                0x00000000       0x1e C:/Users/lenovo/AppData/Local/stm32cube/bundles/gnu-tools-for-stm32/14.3.1+st.2/bin/../lib/gcc/arm-none-eabi/14.3.1/thumb/v6-m/nofp/crti.o
 .ARM.attributes
                0x0000001e       0x2c C:/Users/lenovo/AppData/Local/stm32cube/bundles/gnu-tools-for-stm32/14.3.1+st.2/bin/../lib/gcc/arm-none-eabi/14.3.1/thumb/v6-m/nofp/crtbegin.o
 .ARM.attributes
                0x0000004a       0x2c cmake/stm32cubemx/CMakeFiles/STM32_Drivers.dir/__/__/Core/Src/system_stm32u0xx.c.obj
 .ARM.attributes
                0x00000076       0x2c cmake/stm32cubemx/CMakeFiles/STM32_Drivers.dir/__/__/Drivers/STM32U0xx_HAL_Driver/Src/stm32u0xx_hal_cortex.c.obj
 .ARM.attributes
                0x000000a2       0x2c cmake/stm32cubemx/CMakeFiles/STM32_Drivers.dir/__/__/Drivers/STM32U0xx_HAL_Driver/Src/stm32u0xx_hal_rcc.c.obj
 .ARM.attributes
                0x000000ce       0x2c cmake/stm32cubemx/CMakeFiles/STM32_Drivers.dir/__/__/Drivers/STM32U0xx_HAL_Driver/Src/stm32u0xx_hal_gpio.c.obj
 .ARM.attributes
                0x000000fa       0x2c cmake/stm32cubemx/CMakeFiles/STM32_Drivers.dir/__/__/Drivers/STM32U0xx_HAL_Driver/Src/stm32u0xx_hal_pwr_ex.c.obj
 .ARM.attributes
                0x00000126       0x2c cmake/stm32cubemx/CMakeFiles/STM32_Drivers.dir/__/__/Drivers/STM32U0xx_HAL_Driver/Src/stm32u0xx_hal.c.obj
 .ARM.attributes
                0x00000152       0x2c CMakeFiles/hx711.dir/Core/Src/main.c.obj
 .ARM.attributes
                0x0000017e       0x2c CMakeFiles/hx711.dir/Core/Src/HX711.c.obj
 .ARM.attributes
                0x000001aa       0x2c CMakeFiles/hx711.dir/Core/Src/hal_weight.c.obj
 .ARM.attributes
                0x000001d6       0x2c CMakeFiles/hx711.dir/Core/Src/stm32u0xx_it.c.obj
 .ARM.attributes
                0x00000202       0x2c CMakeFiles/hx711.dir/Core/Src/stm32u0xx_hal_msp.c.obj
 .ARM.attributes
                0x0000022e       0x22 CMakeFiles/hx711.dir/startup_stm32u031xx.s.obj
 .ARM.attributes
                0x00000250       0x1e C:/Users/lenovo/AppData/Local/stm32cube/bundles/gnu-tools-for-stm32/14.3.1+st.2/bin/../lib/gcc/arm-none-eabi/14.3.1/thumb/v6-m/nofp\libgcc.a(_udivsi3.o)
 .ARM.attributes
                0x0000026e       0x1e C:/Users/lenovo/AppData/Local/stm32cube/bundles/gnu-tools-for-stm32/14.3.1+st.2/bin/../lib/gcc/arm-none-eabi/14.3.1/thumb/v6-m/nofp\libgcc.a(_dvmd_tls.o)
 .ARM.attributes
                0x0000028c       0x1e C:/Users/lenovo/AppData/Local/stm32cube/bundles/gnu-tools-for-stm32/14.3.1+st.2/bin/../lib/gcc/arm-none-eabi/14.3.1/thumb/v6-m/nofp\libgcc.a(_aeabi_ldivmod.o)
 .ARM.attributes
                0x000002aa       0x2c C:/Users/lenovo/AppData/Local/stm32cube/bundles/gnu-tools-for-stm32/14.3.1+st.2/bin/../lib/gcc/arm-none-eabi/14.3.1/thumb/v6-m/nofp\libgcc.a(_muldi3.o)
 .ARM.attributes
                0x000002d6       0x2c C:/Users/lenovo/AppData/Local/stm32cube/bundles/gnu-tools-for-stm32/14.3.1+st.2/bin/../lib/gcc/arm-none-eabi/14.3.1/thumb/v6-m/nofp\libgcc.a(bpabi.o)
 .ARM.attributes
                0x00000302       0x1e C:/Users/lenovo/AppData/Local/stm32cube/bundles/gnu-tools-for-stm32/14.3.1+st.2/bin/../lib/gcc/arm-none-eabi/14.3.1/thumb/v6-m/nofp\libgcc.a(_clzsi2.o)
 .ARM.attributes
                0x00000320       0x2c C:/Users/lenovo/AppData/Local/stm32cube/bundles/gnu-tools-for-stm32/14.3.1+st.2/bin/../lib/gcc/arm-none-eabi/14.3.1/thumb/v6-m/nofp\libgcc.a(_divdi3.o)
 .ARM.attributes
                0x0000034c       0x1e C:/Users/lenovo/AppData/Local/stm32cube/bundles/gnu-tools-for-stm32/14.3.1+st.2/bin/../lib/gcc/arm-none-eabi/14.3.1/thumb/v6-m/nofp\libgcc.a(_clzdi2.o)
 .ARM.attributes
                0x0000036a       0x2c C:/Users/lenovo/AppData/Local/stm32cube/bundles/gnu-tools-for-stm32/14.3.1+st.2/bin/../lib/gcc/arm-none-eabi/14.3.1/../../../../arm-none-eabi/lib/thumb/v6-m/nofp\libg_nano.a(libc_a-memset.o)
 .ARM.attributes
                0x00000396       0x2c C:/Users/lenovo/AppData/Local/stm32cube/bundles/gnu-tools-for-stm32/14.3.1+st.2/bin/../lib/gcc/arm-none-eabi/14.3.1/../../../../arm-none-eabi/lib/thumb/v6-m/nofp\libg_nano.a(libc_a-init.o)
 .ARM.attributes
                0x000003c2       0x1e C:/Users/lenovo/AppData/Local/stm32cube/bundles/gnu-tools-for-stm32/14.3.1+st.2/bin/../lib/gcc/arm-none-eabi/14.3.1/thumb/v6-m/nofp/crtn.o
OUTPUT(hx711.elf elf32-littlearm)
LOAD linker stubs

.debug_info     0x00000000     0x4b92
 .debug_info    0x00000000      0x66c cmake/stm32cubemx/CMakeFiles/STM32_Drivers.dir/__/__/Core/Src/system_stm32u0xx.c.obj
 .debug_info    0x0000066c      0x8e3 cmake/stm32cubemx/CMakeFiles/STM32_Drivers.dir/__/__/Drivers/STM32U0xx_HAL_Driver/Src/stm32u0xx_hal_cortex.c.obj
 .debug_info    0x00000f4f      0xc5d cmake/stm32cubemx/CMakeFiles/STM32_Drivers.dir/__/__/Drivers/STM32U0xx_HAL_Driver/Src/stm32u0xx_hal_rcc.c.obj
 .debug_info    0x00001bac      0x590 cmake/stm32cubemx/CMakeFiles/STM32_Drivers.dir/__/__/Drivers/STM32U0xx_HAL_Driver/Src/stm32u0xx_hal_gpio.c.obj
 .debug_info    0x0000213c      0x7ed cmake/stm32cubemx/CMakeFiles/STM32_Drivers.dir/__/__/Drivers/STM32U0xx_HAL_Driver/Src/stm32u0xx_hal_pwr_ex.c.obj
 .debug_info    0x00002929      0x9b5 cmake/stm32cubemx/CMakeFiles/STM32_Drivers.dir/__/__/Drivers/STM32U0xx_HAL_Driver/Src/stm32u0xx_hal.c.obj
 .debug_info    0x000032de      0x8d4 CMakeFiles/hx711.dir/Core/Src/main.c.obj
 .debug_info    0x00003bb2      0x54d CMakeFiles/hx711.dir/Core/Src/HX711.c.obj
 .debug_info    0x000040ff      0x43b CMakeFiles/hx711.dir/Core/Src/hal_weight.c.obj
 .debug_info    0x0000453a      0x150 CMakeFiles/hx711.dir/Core/Src/stm32u0xx_it.c.obj
 .debug_info    0x0000468a      0x2ed CMakeFiles/hx711.dir/Core/Src/stm32u0xx_hal_msp.c.obj
 .debug_info    0x00004977       0x30 CMakeFiles/hx711.dir/startup_stm32u031xx.s.obj
 .debug_info    0x000049a7       0xe0 C:/Users/lenovo/AppData/Local/stm32cube/bundles/gnu-tools-for-stm32/14.3.1+st.2/bin/../lib/gcc/arm-none-eabi/14.3.1/../../../../arm-none-eabi/lib/thumb/v6-m/nofp\libg_nano.a(libc_a-memset.o)
 .debug_info    0x00004a87      0x10b C:/Users/lenovo/AppData/Local/stm32cube/bundles/gnu-tools-for-stm32/14.3.1+st.2/bin/../lib/gcc/arm-none-eabi/14.3.1/../../../../arm-none-eabi/lib/thumb/v6-m/nofp\libg_nano.a(libc_a-init.o)

.debug_abbrev   0x00000000     0x16b9
 .debug_abbrev  0x00000000      0x117 cmake/stm32cubemx/CMakeFiles/STM32_Drivers.dir/__/__/Core/Src/system_stm32u0xx.c.obj
 .debug_abbrev  0x00000117      0x2ab cmake/stm32cubemx/CMakeFiles/STM32_Drivers.dir/__/__/Drivers/STM32U0xx_HAL_Driver/Src/stm32u0xx_hal_cortex.c.obj
 .debug_abbrev  0x000003c2      0x2d7 cmake/stm32cubemx/CMakeFiles/STM32_Drivers.dir/__/__/Drivers/STM32U0xx_HAL_Driver/Src/stm32u0xx_hal_rcc.c.obj
 .debug_abbrev  0x00000699      0x1c8 cmake/stm32cubemx/CMakeFiles/STM32_Drivers.dir/__/__/Drivers/STM32U0xx_HAL_Driver/Src/stm32u0xx_hal_gpio.c.obj
 .debug_abbrev  0x00000861      0x212 cmake/stm32cubemx/CMakeFiles/STM32_Drivers.dir/__/__/Drivers/STM32U0xx_HAL_Driver/Src/stm32u0xx_hal_pwr_ex.c.obj
 .debug_abbrev  0x00000a73      0x2ce cmake/stm32cubemx/CMakeFiles/STM32_Drivers.dir/__/__/Drivers/STM32U0xx_HAL_Driver/Src/stm32u0xx_hal.c.obj
 .debug_abbrev  0x00000d41      0x233 CMakeFiles/hx711.dir/Core/Src/main.c.obj
 .debug_abbrev  0x00000f74      0x21e CMakeFiles/hx711.dir/Core/Src/HX711.c.obj
 .debug_abbrev  0x00001192      0x1f5 CMakeFiles/hx711.dir/Core/Src/hal_weight.c.obj
 .debug_abbrev  0x00001387       0xca CMakeFiles/hx711.dir/Core/Src/stm32u0xx_it.c.obj
 .debug_abbrev  0x00001451       0xdd CMakeFiles/hx711.dir/Core/Src/stm32u0xx_hal_msp.c.obj
 .debug_abbrev  0x0000152e       0x24 CMakeFiles/hx711.dir/startup_stm32u031xx.s.obj
 .debug_abbrev  0x00001552       0x9e C:/Users/lenovo/AppData/Local/stm32cube/bundles/gnu-tools-for-stm32/14.3.1+st.2/bin/../lib/gcc/arm-none-eabi/14.3.1/../../../../arm-none-eabi/lib/thumb/v6-m/nofp\libg_nano.a(libc_a-memset.o)
 .debug_abbrev  0x000015f0       0xc9 C:/Users/lenovo/AppData/Local/stm32cube/bundles/gnu-tools-for-stm32/14.3.1+st.2/bin/../lib/gcc/arm-none-eabi/14.3.1/../../../../arm-none-eabi/lib/thumb/v6-m/nofp\libg_nano.a(libc_a-init.o)

.debug_aranges  0x00000000      0x5d8
 .debug_aranges
                0x00000000       0x28 cmake/stm32cubemx/CMakeFiles/STM32_Drivers.dir/__/__/Core/Src/system_stm32u0xx.c.obj
 .debug_aranges
                0x00000028       0xe8 cmake/stm32cubemx/CMakeFiles/STM32_Drivers.dir/__/__/Drivers/STM32U0xx_HAL_Driver/Src/stm32u0xx_hal_cortex.c.obj
 .debug_aranges
                0x00000110       0x88 cmake/stm32cubemx/CMakeFiles/STM32_Drivers.dir/__/__/Drivers/STM32U0xx_HAL_Driver/Src/stm32u0xx_hal_rcc.c.obj
 .debug_aranges
                0x00000198       0x60 cmake/stm32cubemx/CMakeFiles/STM32_Drivers.dir/__/__/Drivers/STM32U0xx_HAL_Driver/Src/stm32u0xx_hal_gpio.c.obj
 .debug_aranges
                0x000001f8      0x108 cmake/stm32cubemx/CMakeFiles/STM32_Drivers.dir/__/__/Drivers/STM32U0xx_HAL_Driver/Src/stm32u0xx_hal_pwr_ex.c.obj
 .debug_aranges
                0x00000300      0x130 cmake/stm32cubemx/CMakeFiles/STM32_Drivers.dir/__/__/Drivers/STM32U0xx_HAL_Driver/Src/stm32u0xx_hal.c.obj
 .debug_aranges
                0x00000430       0x40 CMakeFiles/hx711.dir/Core/Src/main.c.obj
 .debug_aranges
                0x00000470       0x48 CMakeFiles/hx711.dir/Core/Src/HX711.c.obj
 .debug_aranges
                0x000004b8       0x50 CMakeFiles/hx711.dir/Core/Src/hal_weight.c.obj
 .debug_aranges
                0x00000508       0x48 CMakeFiles/hx711.dir/Core/Src/stm32u0xx_it.c.obj
 .debug_aranges
                0x00000550       0x20 CMakeFiles/hx711.dir/Core/Src/stm32u0xx_hal_msp.c.obj
 .debug_aranges
                0x00000570       0x28 CMakeFiles/hx711.dir/startup_stm32u031xx.s.obj
 .debug_aranges
                0x00000598       0x20 C:/Users/lenovo/AppData/Local/stm32cube/bundles/gnu-tools-for-stm32/14.3.1+st.2/bin/../lib/gcc/arm-none-eabi/14.3.1/../../../../arm-none-eabi/lib/thumb/v6-m/nofp\libg_nano.a(libc_a-memset.o)
 .debug_aranges
                0x000005b8       0x20 C:/Users/lenovo/AppData/Local/stm32cube/bundles/gnu-tools-for-stm32/14.3.1+st.2/bin/../lib/gcc/arm-none-eabi/14.3.1/../../../../arm-none-eabi/lib/thumb/v6-m/nofp\libg_nano.a(libc_a-init.o)

.debug_rnglists
                0x00000000      0x434
 .debug_rnglists
                0x00000000       0x1a cmake/stm32cubemx/CMakeFiles/STM32_Drivers.dir/__/__/Core/Src/system_stm32u0xx.c.obj
 .debug_rnglists
                0x0000001a       0xaa cmake/stm32cubemx/CMakeFiles/STM32_Drivers.dir/__/__/Drivers/STM32U0xx_HAL_Driver/Src/stm32u0xx_hal_cortex.c.obj
 .debug_rnglists
                0x000000c4       0x68 cmake/stm32cubemx/CMakeFiles/STM32_Drivers.dir/__/__/Drivers/STM32U0xx_HAL_Driver/Src/stm32u0xx_hal_rcc.c.obj
 .debug_rnglists
                0x0000012c       0x45 cmake/stm32cubemx/CMakeFiles/STM32_Drivers.dir/__/__/Drivers/STM32U0xx_HAL_Driver/Src/stm32u0xx_hal_gpio.c.obj
 .debug_rnglists
                0x00000171       0xc8 cmake/stm32cubemx/CMakeFiles/STM32_Drivers.dir/__/__/Drivers/STM32U0xx_HAL_Driver/Src/stm32u0xx_hal_pwr_ex.c.obj
 .debug_rnglists
                0x00000239       0xe0 cmake/stm32cubemx/CMakeFiles/STM32_Drivers.dir/__/__/Drivers/STM32U0xx_HAL_Driver/Src/stm32u0xx_hal.c.obj
 .debug_rnglists
                0x00000319       0x2d CMakeFiles/hx711.dir/Core/Src/main.c.obj
 .debug_rnglists
                0x00000346       0x32 CMakeFiles/hx711.dir/Core/Src/HX711.c.obj
 .debug_rnglists
                0x00000378       0x39 CMakeFiles/hx711.dir/Core/Src/hal_weight.c.obj
 .debug_rnglists
                0x000003b1       0x31 CMakeFiles/hx711.dir/Core/Src/stm32u0xx_it.c.obj
 .debug_rnglists
                0x000003e2       0x13 CMakeFiles/hx711.dir/Core/Src/stm32u0xx_hal_msp.c.obj
 .debug_rnglists
                0x000003f5       0x19 CMakeFiles/hx711.dir/startup_stm32u031xx.s.obj
 .debug_rnglists
                0x0000040e       0x13 C:/Users/lenovo/AppData/Local/stm32cube/bundles/gnu-tools-for-stm32/14.3.1+st.2/bin/../lib/gcc/arm-none-eabi/14.3.1/../../../../arm-none-eabi/lib/thumb/v6-m/nofp\libg_nano.a(libc_a-memset.o)
 .debug_rnglists
                0x00000421       0x13 C:/Users/lenovo/AppData/Local/stm32cube/bundles/gnu-tools-for-stm32/14.3.1+st.2/bin/../lib/gcc/arm-none-eabi/14.3.1/../../../../arm-none-eabi/lib/thumb/v6-m/nofp\libg_nano.a(libc_a-init.o)

.debug_macro    0x00000000    0x17435
 .debug_macro   0x00000000      0x1ba cmake/stm32cubemx/CMakeFiles/STM32_Drivers.dir/__/__/Core/Src/system_stm32u0xx.c.obj
 .debug_macro   0x000001ba      0xaae cmake/stm32cubemx/CMakeFiles/STM32_Drivers.dir/__/__/Core/Src/system_stm32u0xx.c.obj
 .debug_macro   0x00000c68       0x2e cmake/stm32cubemx/CMakeFiles/STM32_Drivers.dir/__/__/Core/Src/system_stm32u0xx.c.obj
 .debug_macro   0x00000c96       0x28 cmake/stm32cubemx/CMakeFiles/STM32_Drivers.dir/__/__/Core/Src/system_stm32u0xx.c.obj
 .debug_macro   0x00000cbe       0x22 cmake/stm32cubemx/CMakeFiles/STM32_Drivers.dir/__/__/Core/Src/system_stm32u0xx.c.obj
 .debug_macro   0x00000ce0       0x8e cmake/stm32cubemx/CMakeFiles/STM32_Drivers.dir/__/__/Core/Src/system_stm32u0xx.c.obj
 .debug_macro   0x00000d6e       0x51 cmake/stm32cubemx/CMakeFiles/STM32_Drivers.dir/__/__/Core/Src/system_stm32u0xx.c.obj
 .debug_macro   0x00000dbf      0x103 cmake/stm32cubemx/CMakeFiles/STM32_Drivers.dir/__/__/Core/Src/system_stm32u0xx.c.obj
 .debug_macro   0x00000ec2       0x6a cmake/stm32cubemx/CMakeFiles/STM32_Drivers.dir/__/__/Core/Src/system_stm32u0xx.c.obj
 .debug_macro   0x00000f2c      0x1df cmake/stm32cubemx/CMakeFiles/STM32_Drivers.dir/__/__/Core/Src/system_stm32u0xx.c.obj
 .debug_macro   0x0000110b       0x1c cmake/stm32cubemx/CMakeFiles/STM32_Drivers.dir/__/__/Core/Src/system_stm32u0xx.c.obj
 .debug_macro   0x00001127       0x22 cmake/stm32cubemx/CMakeFiles/STM32_Drivers.dir/__/__/Core/Src/system_stm32u0xx.c.obj
 .debug_macro   0x00001149       0xd1 cmake/stm32cubemx/CMakeFiles/STM32_Drivers.dir/__/__/Core/Src/system_stm32u0xx.c.obj
 .debug_macro   0x0000121a      0x4da cmake/stm32cubemx/CMakeFiles/STM32_Drivers.dir/__/__/Core/Src/system_stm32u0xx.c.obj
 .debug_macro   0x000016f4      0x11f cmake/stm32cubemx/CMakeFiles/STM32_Drivers.dir/__/__/Core/Src/system_stm32u0xx.c.obj
 .debug_macro   0x00001813     0xdbe3 cmake/stm32cubemx/CMakeFiles/STM32_Drivers.dir/__/__/Core/Src/system_stm32u0xx.c.obj
 .debug_macro   0x0000f3f6       0x6c cmake/stm32cubemx/CMakeFiles/STM32_Drivers.dir/__/__/Core/Src/system_stm32u0xx.c.obj
 .debug_macro   0x0000f462      0x10c cmake/stm32cubemx/CMakeFiles/STM32_Drivers.dir/__/__/Core/Src/system_stm32u0xx.c.obj
 .debug_macro   0x0000f56e     0x3463 cmake/stm32cubemx/CMakeFiles/STM32_Drivers.dir/__/__/Core/Src/system_stm32u0xx.c.obj
 .debug_macro   0x000129d1      0x190 cmake/stm32cubemx/CMakeFiles/STM32_Drivers.dir/__/__/Core/Src/system_stm32u0xx.c.obj
 .debug_macro   0x00012b61       0x5a cmake/stm32cubemx/CMakeFiles/STM32_Drivers.dir/__/__/Core/Src/system_stm32u0xx.c.obj
 .debug_macro   0x00012bbb     0x11c3 cmake/stm32cubemx/CMakeFiles/STM32_Drivers.dir/__/__/Core/Src/system_stm32u0xx.c.obj
 .debug_macro   0x00013d7e      0x31a cmake/stm32cubemx/CMakeFiles/STM32_Drivers.dir/__/__/Core/Src/system_stm32u0xx.c.obj
 .debug_macro   0x00014098      0x1cf cmake/stm32cubemx/CMakeFiles/STM32_Drivers.dir/__/__/Core/Src/system_stm32u0xx.c.obj
 .debug_macro   0x00014267      0x11c cmake/stm32cubemx/CMakeFiles/STM32_Drivers.dir/__/__/Core/Src/system_stm32u0xx.c.obj
 .debug_macro   0x00014383      0x432 cmake/stm32cubemx/CMakeFiles/STM32_Drivers.dir/__/__/Core/Src/system_stm32u0xx.c.obj
 .debug_macro   0x000147b5      0x280 cmake/stm32cubemx/CMakeFiles/STM32_Drivers.dir/__/__/Core/Src/system_stm32u0xx.c.obj
 .debug_macro   0x00014a35      0x3c3 cmake/stm32cubemx/CMakeFiles/STM32_Drivers.dir/__/__/Core/Src/system_stm32u0xx.c.obj
 .debug_macro   0x00014df8      0x1a5 cmake/stm32cubemx/CMakeFiles/STM32_Drivers.dir/__/__/Core/Src/system_stm32u0xx.c.obj
 .debug_macro   0x00014f9d       0x43 cmake/stm32cubemx/CMakeFiles/STM32_Drivers.dir/__/__/Core/Src/system_stm32u0xx.c.obj
 .debug_macro   0x00014fe0      0x1f1 cmake/stm32cubemx/CMakeFiles/STM32_Drivers.dir/__/__/Core/Src/system_stm32u0xx.c.obj
 .debug_macro   0x000151d1      0x1b6 cmake/stm32cubemx/CMakeFiles/STM32_Drivers.dir/__/__/Core/Src/system_stm32u0xx.c.obj
 .debug_macro   0x00015387      0x359 cmake/stm32cubemx/CMakeFiles/STM32_Drivers.dir/__/__/Core/Src/system_stm32u0xx.c.obj
 .debug_macro   0x000156e0       0x2e cmake/stm32cubemx/CMakeFiles/STM32_Drivers.dir/__/__/Core/Src/system_stm32u0xx.c.obj
 .debug_macro   0x0001570e       0xe4 cmake/stm32cubemx/CMakeFiles/STM32_Drivers.dir/__/__/Core/Src/system_stm32u0xx.c.obj
 .debug_macro   0x000157f2      0x128 cmake/stm32cubemx/CMakeFiles/STM32_Drivers.dir/__/__/Core/Src/system_stm32u0xx.c.obj
 .debug_macro   0x0001591a      0x34b cmake/stm32cubemx/CMakeFiles/STM32_Drivers.dir/__/__/Core/Src/system_stm32u0xx.c.obj
 .debug_macro   0x00015c65      0x53d cmake/stm32cubemx/CMakeFiles/STM32_Drivers.dir/__/__/Core/Src/system_stm32u0xx.c.obj
 .debug_macro   0x000161a2      0x1ae cmake/stm32cubemx/CMakeFiles/STM32_Drivers.dir/__/__/Drivers/STM32U0xx_HAL_Driver/Src/stm32u0xx_hal_cortex.c.obj
 .debug_macro   0x00016350      0x1de cmake/stm32cubemx/CMakeFiles/STM32_Drivers.dir/__/__/Drivers/STM32U0xx_HAL_Driver/Src/stm32u0xx_hal_rcc.c.obj
 .debug_macro   0x0001652e      0x1b4 cmake/stm32cubemx/CMakeFiles/STM32_Drivers.dir/__/__/Drivers/STM32U0xx_HAL_Driver/Src/stm32u0xx_hal_gpio.c.obj
 .debug_macro   0x000166e2      0x1d8 cmake/stm32cubemx/CMakeFiles/STM32_Drivers.dir/__/__/Drivers/STM32U0xx_HAL_Driver/Src/stm32u0xx_hal_pwr_ex.c.obj
 .debug_macro   0x000168ba      0x1cc cmake/stm32cubemx/CMakeFiles/STM32_Drivers.dir/__/__/Drivers/STM32U0xx_HAL_Driver/Src/stm32u0xx_hal.c.obj
 .debug_macro   0x00016a86      0x1e3 CMakeFiles/hx711.dir/Core/Src/main.c.obj
 .debug_macro   0x00016c69       0x22 CMakeFiles/hx711.dir/Core/Src/main.c.obj
 .debug_macro   0x00016c8b       0x8e CMakeFiles/hx711.dir/Core/Src/main.c.obj
 .debug_macro   0x00016d19       0x10 CMakeFiles/hx711.dir/Core/Src/main.c.obj
 .debug_macro   0x00016d29      0x1b8 CMakeFiles/hx711.dir/Core/Src/HX711.c.obj
 .debug_macro   0x00016ee1      0x1d0 CMakeFiles/hx711.dir/Core/Src/hal_weight.c.obj
 .debug_macro   0x000170b1      0x1c7 CMakeFiles/hx711.dir/Core/Src/stm32u0xx_it.c.obj
 .debug_macro   0x00017278      0x1bd CMakeFiles/hx711.dir/Core/Src/stm32u0xx_hal_msp.c.obj

.debug_line     0x00000000     0x6ff4
 .debug_line    0x00000000      0x7da cmake/stm32cubemx/CMakeFiles/STM32_Drivers.dir/__/__/Core/Src/system_stm32u0xx.c.obj
 .debug_line    0x000007da      0xb51 cmake/stm32cubemx/CMakeFiles/STM32_Drivers.dir/__/__/Drivers/STM32U0xx_HAL_Driver/Src/stm32u0xx_hal_cortex.c.obj
 .debug_line    0x0000132b     0x1009 cmake/stm32cubemx/CMakeFiles/STM32_Drivers.dir/__/__/Drivers/STM32U0xx_HAL_Driver/Src/stm32u0xx_hal_rcc.c.obj
 .debug_line    0x00002334      0xb1d cmake/stm32cubemx/CMakeFiles/STM32_Drivers.dir/__/__/Drivers/STM32U0xx_HAL_Driver/Src/stm32u0xx_hal_gpio.c.obj
 .debug_line    0x00002e51      0xb8d cmake/stm32cubemx/CMakeFiles/STM32_Drivers.dir/__/__/Drivers/STM32U0xx_HAL_Driver/Src/stm32u0xx_hal_pwr_ex.c.obj
 .debug_line    0x000039de      0xad6 cmake/stm32cubemx/CMakeFiles/STM32_Drivers.dir/__/__/Drivers/STM32U0xx_HAL_Driver/Src/stm32u0xx_hal.c.obj
 .debug_line    0x000044b4      0x7eb CMakeFiles/hx711.dir/Core/Src/main.c.obj
 .debug_line    0x00004c9f      0x868 CMakeFiles/hx711.dir/Core/Src/HX711.c.obj
 .debug_line    0x00005507      0x91b CMakeFiles/hx711.dir/Core/Src/hal_weight.c.obj
 .debug_line    0x00005e22      0x774 CMakeFiles/hx711.dir/Core/Src/stm32u0xx_it.c.obj
 .debug_line    0x00006596      0x6ff CMakeFiles/hx711.dir/Core/Src/stm32u0xx_hal_msp.c.obj
 .debug_line    0x00006c95       0x7b CMakeFiles/hx711.dir/startup_stm32u031xx.s.obj
 .debug_line    0x00006d10      0x178 C:/Users/lenovo/AppData/Local/stm32cube/bundles/gnu-tools-for-stm32/14.3.1+st.2/bin/../lib/gcc/arm-none-eabi/14.3.1/../../../../arm-none-eabi/lib/thumb/v6-m/nofp\libg_nano.a(libc_a-memset.o)
 .debug_line    0x00006e88      0x16c C:/Users/lenovo/AppData/Local/stm32cube/bundles/gnu-tools-for-stm32/14.3.1+st.2/bin/../lib/gcc/arm-none-eabi/14.3.1/../../../../arm-none-eabi/lib/thumb/v6-m/nofp\libg_nano.a(libc_a-init.o)

.debug_str      0x00000000    0x9400e
 .debug_str     0x00000000    0x9400e cmake/stm32cubemx/CMakeFiles/STM32_Drivers.dir/__/__/Core/Src/system_stm32u0xx.c.obj
                              0x9230b (size before relaxing)
 .debug_str     0x0009400e    0x9266e cmake/stm32cubemx/CMakeFiles/STM32_Drivers.dir/__/__/Drivers/STM32U0xx_HAL_Driver/Src/stm32u0xx_hal_cortex.c.obj
 .debug_str     0x0009400e    0x929a2 cmake/stm32cubemx/CMakeFiles/STM32_Drivers.dir/__/__/Drivers/STM32U0xx_HAL_Driver/Src/stm32u0xx_hal_rcc.c.obj
 .debug_str     0x0009400e    0x922c7 cmake/stm32cubemx/CMakeFiles/STM32_Drivers.dir/__/__/Drivers/STM32U0xx_HAL_Driver/Src/stm32u0xx_hal_gpio.c.obj
 .debug_str     0x0009400e    0x92689 cmake/stm32cubemx/CMakeFiles/STM32_Drivers.dir/__/__/Drivers/STM32U0xx_HAL_Driver/Src/stm32u0xx_hal_pwr_ex.c.obj
 .debug_str     0x0009400e    0x9298e cmake/stm32cubemx/CMakeFiles/STM32_Drivers.dir/__/__/Drivers/STM32U0xx_HAL_Driver/Src/stm32u0xx_hal.c.obj
 .debug_str     0x0009400e    0x92a76 CMakeFiles/hx711.dir/Core/Src/main.c.obj
 .debug_str     0x0009400e    0x9228a CMakeFiles/hx711.dir/Core/Src/HX711.c.obj
 .debug_str     0x0009400e    0x9252b CMakeFiles/hx711.dir/Core/Src/hal_weight.c.obj
 .debug_str     0x0009400e    0x9218b CMakeFiles/hx711.dir/Core/Src/stm32u0xx_it.c.obj
 .debug_str     0x0009400e    0x92230 CMakeFiles/hx711.dir/Core/Src/stm32u0xx_hal_msp.c.obj
 .debug_str     0x0009400e       0x70 CMakeFiles/hx711.dir/startup_stm32u031xx.s.obj
 .debug_str     0x0009400e      0x20a C:/Users/lenovo/AppData/Local/stm32cube/bundles/gnu-tools-for-stm32/14.3.1+st.2/bin/../lib/gcc/arm-none-eabi/14.3.1/../../../../arm-none-eabi/lib/thumb/v6-m/nofp\libg_nano.a(libc_a-memset.o)
 .debug_str     0x0009400e      0x26b C:/Users/lenovo/AppData/Local/stm32cube/bundles/gnu-tools-for-stm32/14.3.1+st.2/bin/../lib/gcc/arm-none-eabi/14.3.1/../../../../arm-none-eabi/lib/thumb/v6-m/nofp\libg_nano.a(libc_a-init.o)

.comment        0x00000000       0x43
 .comment       0x00000000       0x43 cmake/stm32cubemx/CMakeFiles/STM32_Drivers.dir/__/__/Core/Src/system_stm32u0xx.c.obj
                                 0x44 (size before relaxing)
 .comment       0x00000043       0x44 cmake/stm32cubemx/CMakeFiles/STM32_Drivers.dir/__/__/Drivers/STM32U0xx_HAL_Driver/Src/stm32u0xx_hal_cortex.c.obj
 .comment       0x00000043       0x44 cmake/stm32cubemx/CMakeFiles/STM32_Drivers.dir/__/__/Drivers/STM32U0xx_HAL_Driver/Src/stm32u0xx_hal_rcc.c.obj
 .comment       0x00000043       0x44 cmake/stm32cubemx/CMakeFiles/STM32_Drivers.dir/__/__/Drivers/STM32U0xx_HAL_Driver/Src/stm32u0xx_hal_gpio.c.obj
 .comment       0x00000043       0x44 cmake/stm32cubemx/CMakeFiles/STM32_Drivers.dir/__/__/Drivers/STM32U0xx_HAL_Driver/Src/stm32u0xx_hal_pwr_ex.c.obj
 .comment       0x00000043       0x44 cmake/stm32cubemx/CMakeFiles/STM32_Drivers.dir/__/__/Drivers/STM32U0xx_HAL_Driver/Src/stm32u0xx_hal.c.obj
 .comment       0x00000043       0x44 CMakeFiles/hx711.dir/Core/Src/main.c.obj
 .comment       0x00000043       0x44 CMakeFiles/hx711.dir/Core/Src/HX711.c.obj
 .comment       0x00000043       0x44 CMakeFiles/hx711.dir/Core/Src/hal_weight.c.obj
 .comment       0x00000043       0x44 CMakeFiles/hx711.dir/Core/Src/stm32u0xx_it.c.obj
 .comment       0x00000043       0x44 CMakeFiles/hx711.dir/Core/Src/stm32u0xx_hal_msp.c.obj
 .comment       0x00000043       0x44 C:/Users/lenovo/AppData/Local/stm32cube/bundles/gnu-tools-for-stm32/14.3.1+st.2/bin/../lib/gcc/arm-none-eabi/14.3.1/../../../../arm-none-eabi/lib/thumb/v6-m/nofp\libg_nano.a(libc_a-memset.o)
 .comment       0x00000043       0x44 C:/Users/lenovo/AppData/Local/stm32cube/bundles/gnu-tools-for-stm32/14.3.1+st.2/bin/../lib/gcc/arm-none-eabi/14.3.1/../../../../arm-none-eabi/lib/thumb/v6-m/nofp\libg_nano.a(libc_a-init.o)

.debug_frame    0x00000000     0x127c
 .debug_frame   0x00000000       0x50 cmake/stm32cubemx/CMakeFiles/STM32_Drivers.dir/__/__/Core/Src/system_stm32u0xx.c.obj
 .debug_frame   0x00000050      0x33c cmake/stm32cubemx/CMakeFiles/STM32_Drivers.dir/__/__/Drivers/STM32U0xx_HAL_Driver/Src/stm32u0xx_hal_cortex.c.obj
 .debug_frame   0x0000038c      0x1c4 cmake/stm32cubemx/CMakeFiles/STM32_Drivers.dir/__/__/Drivers/STM32U0xx_HAL_Driver/Src/stm32u0xx_hal_rcc.c.obj
 .debug_frame   0x00000550      0x130 cmake/stm32cubemx/CMakeFiles/STM32_Drivers.dir/__/__/Drivers/STM32U0xx_HAL_Driver/Src/stm32u0xx_hal_gpio.c.obj
 .debug_frame   0x00000680      0x388 cmake/stm32cubemx/CMakeFiles/STM32_Drivers.dir/__/__/Drivers/STM32U0xx_HAL_Driver/Src/stm32u0xx_hal_pwr_ex.c.obj
 .debug_frame   0x00000a08      0x40c cmake/stm32cubemx/CMakeFiles/STM32_Drivers.dir/__/__/Drivers/STM32U0xx_HAL_Driver/Src/stm32u0xx_hal.c.obj
 .debug_frame   0x00000e14       0xac CMakeFiles/hx711.dir/Core/Src/main.c.obj
 .debug_frame   0x00000ec0       0xd0 CMakeFiles/hx711.dir/Core/Src/HX711.c.obj
 .debug_frame   0x00000f90       0xf0 CMakeFiles/hx711.dir/Core/Src/hal_weight.c.obj
 .debug_frame   0x00001080       0xb8 CMakeFiles/hx711.dir/Core/Src/stm32u0xx_it.c.obj
 .debug_frame   0x00001138       0x30 CMakeFiles/hx711.dir/Core/Src/stm32u0xx_hal_msp.c.obj
 .debug_frame   0x00001168       0x20 C:/Users/lenovo/AppData/Local/stm32cube/bundles/gnu-tools-for-stm32/14.3.1+st.2/bin/../lib/gcc/arm-none-eabi/14.3.1/thumb/v6-m/nofp\libgcc.a(_udivsi3.o)
 .debug_frame   0x00001188       0x34 C:/Users/lenovo/AppData/Local/stm32cube/bundles/gnu-tools-for-stm32/14.3.1+st.2/bin/../lib/gcc/arm-none-eabi/14.3.1/thumb/v6-m/nofp\libgcc.a(_muldi3.o)
 .debug_frame   0x000011bc       0x38 C:/Users/lenovo/AppData/Local/stm32cube/bundles/gnu-tools-for-stm32/14.3.1+st.2/bin/../lib/gcc/arm-none-eabi/14.3.1/thumb/v6-m/nofp\libgcc.a(bpabi.o)
 .debug_frame   0x000011f4       0x3c C:/Users/lenovo/AppData/Local/stm32cube/bundles/gnu-tools-for-stm32/14.3.1+st.2/bin/../lib/gcc/arm-none-eabi/14.3.1/thumb/v6-m/nofp\libgcc.a(_divdi3.o)
 .debug_frame   0x00001230       0x20 C:/Users/lenovo/AppData/Local/stm32cube/bundles/gnu-tools-for-stm32/14.3.1+st.2/bin/../lib/gcc/arm-none-eabi/14.3.1/../../../../arm-none-eabi/lib/thumb/v6-m/nofp\libg_nano.a(libc_a-memset.o)
 .debug_frame   0x00001250       0x2c C:/Users/lenovo/AppData/Local/stm32cube/bundles/gnu-tools-for-stm32/14.3.1+st.2/bin/../lib/gcc/arm-none-eabi/14.3.1/../../../../arm-none-eabi/lib/thumb/v6-m/nofp\libg_nano.a(libc_a-init.o)

.debug_line_str
                0x00000000       0x54
 .debug_line_str
                0x00000000       0x54 CMakeFiles/hx711.dir/startup_stm32u031xx.s.obj

.debug_loclists
                0x00000000       0xdb
 .debug_loclists
                0x00000000       0x80 C:/Users/lenovo/AppData/Local/stm32cube/bundles/gnu-tools-for-stm32/14.3.1+st.2/bin/../lib/gcc/arm-none-eabi/14.3.1/../../../../arm-none-eabi/lib/thumb/v6-m/nofp\libg_nano.a(libc_a-memset.o)
 .debug_loclists
                0x00000080       0x5b C:/Users/lenovo/AppData/Local/stm32cube/bundles/gnu-tools-for-stm32/14.3.1+st.2/bin/../lib/gcc/arm-none-eabi/14.3.1/../../../../arm-none-eabi/lib/thumb/v6-m/nofp\libg_nano.a(libc_a-init.o)
